1:1
2:1,2
3:1,2,3
4:1,2,3,test
5:1,2,3,test,5
0:
1:e
2:e,1
0:
12:okular,evince,acroread,xpdf,word,powerpoint,excel,outlook,quarter,dime,nickel,penny
11:okular,acroread,xpdf,word,powerpoint,excel,outlook,quarter,dime,nickel,penny
10:okular,acroread,xpdf,word,powerpoint,excel,outlook,quarter,dime,nickel
11:first,okular,acroread,xpdf,word,powerpoint,excel,outlook,quarter,dime,nickel
10:okular,acroread,xpdf,word,powerpoint,excel,outlook,quarter,dime,nickel
11:okular,acroread,xpdf,word,powerpoint,excel,outlook,quarter,dime,nickel,last
10:okular,acroread,xpdf,word,powerpoint,excel,outlook,quarter,dime,nickel
9:okular,acroread,xpdf,word,powerpoint,excel,outlook,quarter,dime
8:okular,acroread,xpdf,word,powerpoint,excel,outlook,quarter
7:okular,acroread,xpdf,word,powerpoint,excel,outlook
6:okular,acroread,xpdf,word,excel,outlook
5:okular,acroread,xpdf,excel,outlook
4:okular,acroread,xpdf,outlook
3:acroread,xpdf,outlook
2:acroread,outlook
1:outlook
0:
46:one,two,three,four,five,six,seven,eight,nine,ten,eleven,twelve,thirteen,fourteen,fifteen,sixteen,seventeen,eighteen,nineteen,twenty,uno,dos,tres,quatro,cinco,seis,siete,ocho,nueve,diez,once,doce,trece,catorce,quince,dieciseis,1,2,3,4,5,6,7,8,9,10
0:
